Archive member included to satisfy reference by file (symbol)

lib/librairie.a(moteur.o)     main.o (_Z41ajustementPWMmateriellePhaseCorrecte8Bitsjj)
lib/librairie.a(memoire.o)    main.o (_Z17transmissionUSARTh)
lib/librairie.a(can.o)        lib/librairie.a(moteur.o) (_ZN3canC1Ev)
lib/librairie.a(clavier.o)    main.o (_Z29initialisationInterruptPCINT2v)
lib/librairie.a(capteur.o)    main.o (_Z18lectureDistanceCANv)
lib/librairie.a(affichage7Segments.o)
                              main.o (_Z16activer7Segmentsv)
/usr/lib/gcc/avr/10.2.0/avr5/libgcc.a(_udivmodqi4.o)
                              lib/librairie.a(affichage7Segments.o) (__udivmodqi4)
/usr/lib/gcc/avr/10.2.0/avr5/libgcc.a(_divmodhi4.o)
                              lib/librairie.a(affichage7Segments.o) (__divmodhi4)
/usr/lib/gcc/avr/10.2.0/avr5/libgcc.a(_exit.o)
                              /usr/lib/gcc/avr/10.2.0/../../../../avr/lib/avr5/crtatmega324pa.o (exit)
/usr/lib/gcc/avr/10.2.0/avr5/libgcc.a(_copy_data.o)
                              main.o (__do_copy_data)
/usr/lib/gcc/avr/10.2.0/avr5/libgcc.a(_clear_bss.o)
                              main.o (__do_clear_bss)
/usr/lib/gcc/avr/10.2.0/avr5/libgcc.a(_udivmodhi4.o)
                              /usr/lib/gcc/avr/10.2.0/avr5/libgcc.a(_divmodhi4.o) (__udivmodhi4)
/usr/lib/gcc/avr/10.2.0/../../../../avr/lib/avr5/libm.a(divsf3.o)
                              lib/librairie.a(capteur.o) (__divsf3)
/usr/lib/gcc/avr/10.2.0/../../../../avr/lib/avr5/libm.a(divsf3x.o)
                              /usr/lib/gcc/avr/10.2.0/../../../../avr/lib/avr5/libm.a(divsf3.o) (__divsf3x)
/usr/lib/gcc/avr/10.2.0/../../../../avr/lib/avr5/libm.a(floatsisf.o)
                              lib/librairie.a(capteur.o) (__floatunsisf)
/usr/lib/gcc/avr/10.2.0/../../../../avr/lib/avr5/libm.a(fp_inf.o)
                              /usr/lib/gcc/avr/10.2.0/../../../../avr/lib/avr5/libm.a(divsf3x.o) (__fp_inf)
/usr/lib/gcc/avr/10.2.0/../../../../avr/lib/avr5/libm.a(fp_nan.o)
                              /usr/lib/gcc/avr/10.2.0/../../../../avr/lib/avr5/libm.a(divsf3x.o) (__fp_nan)
/usr/lib/gcc/avr/10.2.0/../../../../avr/lib/avr5/libm.a(fp_pscA.o)
                              /usr/lib/gcc/avr/10.2.0/../../../../avr/lib/avr5/libm.a(divsf3x.o) (__fp_pscA)
/usr/lib/gcc/avr/10.2.0/../../../../avr/lib/avr5/libm.a(fp_pscB.o)
                              /usr/lib/gcc/avr/10.2.0/../../../../avr/lib/avr5/libm.a(divsf3x.o) (__fp_pscB)
/usr/lib/gcc/avr/10.2.0/../../../../avr/lib/avr5/libm.a(fp_round.o)
                              /usr/lib/gcc/avr/10.2.0/../../../../avr/lib/avr5/libm.a(divsf3.o) (__fp_round)
/usr/lib/gcc/avr/10.2.0/../../../../avr/lib/avr5/libm.a(fp_split3.o)
                              /usr/lib/gcc/avr/10.2.0/../../../../avr/lib/avr5/libm.a(divsf3x.o) (__fp_split3)
/usr/lib/gcc/avr/10.2.0/../../../../avr/lib/avr5/libm.a(fp_zero.o)
                              /usr/lib/gcc/avr/10.2.0/../../../../avr/lib/avr5/libm.a(divsf3x.o) (__fp_szero)
/usr/lib/gcc/avr/10.2.0/../../../../avr/lib/avr5/libm.a(mulsf3.o)
                              lib/librairie.a(capteur.o) (__mulsf3)
/usr/lib/gcc/avr/10.2.0/../../../../avr/lib/avr5/libm.a(mulsf3x.o)
                              /usr/lib/gcc/avr/10.2.0/../../../../avr/lib/avr5/libm.a(mulsf3.o) (__mulsf3x)
/usr/lib/gcc/avr/10.2.0/../../../../avr/lib/avr5/libm.a(pow.o)
                              lib/librairie.a(capteur.o) (pow)
/usr/lib/gcc/avr/10.2.0/../../../../avr/lib/avr5/libm.a(exp.o)
                              /usr/lib/gcc/avr/10.2.0/../../../../avr/lib/avr5/libm.a(pow.o) (exp)
/usr/lib/gcc/avr/10.2.0/../../../../avr/lib/avr5/libm.a(fp_powser.o)
                              /usr/lib/gcc/avr/10.2.0/../../../../avr/lib/avr5/libm.a(exp.o) (__fp_powser)
/usr/lib/gcc/avr/10.2.0/../../../../avr/lib/avr5/libm.a(inverse.o)
                              /usr/lib/gcc/avr/10.2.0/../../../../avr/lib/avr5/libm.a(exp.o) (inverse)
/usr/lib/gcc/avr/10.2.0/../../../../avr/lib/avr5/libm.a(ldexp.o)
                              /usr/lib/gcc/avr/10.2.0/../../../../avr/lib/avr5/libm.a(exp.o) (ldexp)
/usr/lib/gcc/avr/10.2.0/../../../../avr/lib/avr5/libm.a(log.o)
                              /usr/lib/gcc/avr/10.2.0/../../../../avr/lib/avr5/libm.a(pow.o) (log)
/usr/lib/gcc/avr/10.2.0/../../../../avr/lib/avr5/libm.a(modf.o)
                              /usr/lib/gcc/avr/10.2.0/../../../../avr/lib/avr5/libm.a(exp.o) (modf)
/usr/lib/gcc/avr/10.2.0/../../../../avr/lib/avr5/libm.a(addsf3.o)
                              /usr/lib/gcc/avr/10.2.0/../../../../avr/lib/avr5/libm.a(modf.o) (__subsf3)
/usr/lib/gcc/avr/10.2.0/../../../../avr/lib/avr5/libm.a(addsf3x.o)
                              /usr/lib/gcc/avr/10.2.0/../../../../avr/lib/avr5/libm.a(fp_powser.o) (__addsf3x)
/usr/lib/gcc/avr/10.2.0/../../../../avr/lib/avr5/libm.a(fp_mpack.o)
                              /usr/lib/gcc/avr/10.2.0/../../../../avr/lib/avr5/libm.a(ldexp.o) (__fp_mpack)
/usr/lib/gcc/avr/10.2.0/../../../../avr/lib/avr5/libc.a(dtostrf.o)
                              main.o (dtostrf)
/usr/lib/gcc/avr/10.2.0/../../../../avr/lib/avr5/libc.a(dtoa_prf.o)
                              /usr/lib/gcc/avr/10.2.0/../../../../avr/lib/avr5/libc.a(dtostrf.o) (dtoa_prf)
/usr/lib/gcc/avr/10.2.0/../../../../avr/lib/avr5/libc.a(ftoa_engine.o)
                              /usr/lib/gcc/avr/10.2.0/../../../../avr/lib/avr5/libc.a(dtoa_prf.o) (__ftoa_engine)
/usr/lib/gcc/avr/10.2.0/../../../../avr/lib/avr5/libatmega324pa.a(eerd_block.o)
                              lib/librairie.a(memoire.o) (eeprom_read_block)
/usr/lib/gcc/avr/10.2.0/../../../../avr/lib/avr5/libatmega324pa.a(eewr_block.o)
                              lib/librairie.a(memoire.o) (eeprom_write_block)
/usr/lib/gcc/avr/10.2.0/../../../../avr/lib/avr5/libatmega324pa.a(eewr_byte.o)
                              /usr/lib/gcc/avr/10.2.0/../../../../avr/lib/avr5/libatmega324pa.a(eewr_block.o) (eeprom_write_r18)

Memory Configuration

Name             Origin             Length             Attributes
text             0x0000000000000000 0x0000000000020000 xr
data             0x0000000000800060 0x000000000000ffa0 rw !x
eeprom           0x0000000000810000 0x0000000000010000 rw !x
fuse             0x0000000000820000 0x0000000000000003 rw !x
lock             0x0000000000830000 0x0000000000000400 rw !x
signature        0x0000000000840000 0x0000000000000400 rw !x
user_signatures  0x0000000000850000 0x0000000000000400 rw !x
*default*        0x0000000000000000 0xffffffffffffffff

Linker script and memory map

Address of section .data set to 0x800100
LOAD /usr/lib/gcc/avr/10.2.0/../../../../avr/lib/avr5/crtatmega324pa.o
LOAD main.o
LOAD lib/librairie.a
START GROUP
LOAD /usr/lib/gcc/avr/10.2.0/avr5/libgcc.a
LOAD /usr/lib/gcc/avr/10.2.0/../../../../avr/lib/avr5/libm.a
LOAD /usr/lib/gcc/avr/10.2.0/../../../../avr/lib/avr5/libc.a
LOAD /usr/lib/gcc/avr/10.2.0/../../../../avr/lib/avr5/libatmega324pa.a
END GROUP
                0x0000000000020000                __TEXT_REGION_LENGTH__ = DEFINED (__TEXT_REGION_LENGTH__)?__TEXT_REGION_LENGTH__:0x20000
                0x000000000000ffa0                __DATA_REGION_LENGTH__ = DEFINED (__DATA_REGION_LENGTH__)?__DATA_REGION_LENGTH__:0xffa0
                0x0000000000010000                __EEPROM_REGION_LENGTH__ = DEFINED (__EEPROM_REGION_LENGTH__)?__EEPROM_REGION_LENGTH__:0x10000
                [0x0000000000000003]                __FUSE_REGION_LENGTH__ = DEFINED (__FUSE_REGION_LENGTH__)?__FUSE_REGION_LENGTH__:0x400
                0x0000000000000400                __LOCK_REGION_LENGTH__ = DEFINED (__LOCK_REGION_LENGTH__)?__LOCK_REGION_LENGTH__:0x400
                0x0000000000000400                __SIGNATURE_REGION_LENGTH__ = DEFINED (__SIGNATURE_REGION_LENGTH__)?__SIGNATURE_REGION_LENGTH__:0x400
                0x0000000000000400                __USER_SIGNATURE_REGION_LENGTH__ = DEFINED (__USER_SIGNATURE_REGION_LENGTH__)?__USER_SIGNATURE_REGION_LENGTH__:0x400

.hash
 *(.hash)

.dynsym
 *(.dynsym)

.dynstr
 *(.dynstr)

.gnu.version
 *(.gnu.version)

.gnu.version_d
 *(.gnu.version_d)

.gnu.version_r
 *(.gnu.version_r)

.rel.init
 *(.rel.init)

.rela.init
 *(.rela.init)

.rel.text
 *(.rel.text)
 *(.rel.text.*)
 *(.rel.gnu.linkonce.t*)

.rela.text
 *(.rela.text)
 *(.rela.text.*)
 *(.rela.gnu.linkonce.t*)

.rel.fini
 *(.rel.fini)

.rela.fini
 *(.rela.fini)

.rel.rodata
 *(.rel.rodata)
 *(.rel.rodata.*)
 *(.rel.gnu.linkonce.r*)

.rela.rodata
 *(.rela.rodata)
 *(.rela.rodata.*)
 *(.rela.gnu.linkonce.r*)

.rel.data
 *(.rel.data)
 *(.rel.data.*)
 *(.rel.gnu.linkonce.d*)

.rela.data
 *(.rela.data)
 *(.rela.data.*)
 *(.rela.gnu.linkonce.d*)

.rel.ctors
 *(.rel.ctors)

.rela.ctors
 *(.rela.ctors)

.rel.dtors
 *(.rel.dtors)

.rela.dtors
 *(.rela.dtors)

.rel.got
 *(.rel.got)

.rela.got
 *(.rela.got)

.rel.bss
 *(.rel.bss)

.rela.bss
 *(.rela.bss)

.rel.plt
 *(.rel.plt)

.rela.plt
 *(.rela.plt)

.text           0x0000000000000000     0x1a9c
 *(.vectors)
 .vectors       0x0000000000000000       0x7c /usr/lib/gcc/avr/10.2.0/../../../../avr/lib/avr5/crtatmega324pa.o
                0x0000000000000000                __vectors
                0x0000000000000000                __vector_default
 *(.vectors)
 *(.progmem.gcc*)
 .progmem.gcc_fplib
                0x000000000000007c       0x28 /usr/lib/gcc/avr/10.2.0/../../../../avr/lib/avr5/libm.a(exp.o)
 .progmem.gcc_fplib
                0x00000000000000a4       0x5a /usr/lib/gcc/avr/10.2.0/../../../../avr/lib/avr5/libm.a(log.o)
                0x00000000000000fe                . = ALIGN (0x2)
                0x00000000000000fe                __trampolines_start = .
 *(.trampolines)
 .trampolines   0x00000000000000fe        0x0 linker stubs
 *(.trampolines*)
                0x00000000000000fe                __trampolines_end = .
 *libprintf_flt.a:*(.progmem.data)
 *libc.a:*(.progmem.data)
 .progmem.data  0x00000000000000fe       0xfa /usr/lib/gcc/avr/10.2.0/../../../../avr/lib/avr5/libc.a(ftoa_engine.o)
 *(.progmem.*)
                0x00000000000001f8                . = ALIGN (0x2)
 *(.lowtext)
 *(.lowtext*)
                0x00000000000001f8                __ctors_start = .
 *(.ctors)
                0x00000000000001f8                __ctors_end = .
                0x00000000000001f8                __dtors_start = .
 *(.dtors)
                0x00000000000001f8                __dtors_end = .
 SORT_BY_NAME(*)(.ctors)
 SORT_BY_NAME(*)(.dtors)
 *(.init0)
 .init0         0x00000000000001f8        0x0 /usr/lib/gcc/avr/10.2.0/../../../../avr/lib/avr5/crtatmega324pa.o
                0x00000000000001f8                __init
 *(.init0)
 *(.init1)
 *(.init1)
 *(.init2)
 .init2         0x00000000000001f8        0xc /usr/lib/gcc/avr/10.2.0/../../../../avr/lib/avr5/crtatmega324pa.o
 *(.init2)
 *(.init3)
 *(.init3)
 *(.init4)
 .init4         0x0000000000000204       0x16 /usr/lib/gcc/avr/10.2.0/avr5/libgcc.a(_copy_data.o)
                0x0000000000000204                __do_copy_data
 .init4         0x000000000000021a       0x10 /usr/lib/gcc/avr/10.2.0/avr5/libgcc.a(_clear_bss.o)
                0x000000000000021a                __do_clear_bss
 *(.init4)
 *(.init5)
 *(.init5)
 *(.init6)
 *(.init6)
 *(.init7)
 *(.init7)
 *(.init8)
 *(.init8)
 *(.init9)
 .init9         0x000000000000022a        0x8 /usr/lib/gcc/avr/10.2.0/../../../../avr/lib/avr5/crtatmega324pa.o
 *(.init9)
 *(.text)
 .text          0x0000000000000232        0x4 /usr/lib/gcc/avr/10.2.0/../../../../avr/lib/avr5/crtatmega324pa.o
                0x0000000000000232                __vector_22
                0x0000000000000232                __vector_28
                0x0000000000000232                __vector_24
                0x0000000000000232                __vector_12
                0x0000000000000232                __bad_interrupt
                0x0000000000000232                __vector_3
                0x0000000000000232                __vector_23
                0x0000000000000232                __vector_30
                0x0000000000000232                __vector_25
                0x0000000000000232                __vector_11
                0x0000000000000232                __vector_17
                0x0000000000000232                __vector_19
                0x0000000000000232                __vector_7
                0x0000000000000232                __vector_27
                0x0000000000000232                __vector_5
                0x0000000000000232                __vector_4
                0x0000000000000232                __vector_9
                0x0000000000000232                __vector_2
                0x0000000000000232                __vector_21
                0x0000000000000232                __vector_15
                0x0000000000000232                __vector_29
                0x0000000000000232                __vector_8
                0x0000000000000232                __vector_26
                0x0000000000000232                __vector_14
                0x0000000000000232                __vector_10
                0x0000000000000232                __vector_16
                0x0000000000000232                __vector_18
                0x0000000000000232                __vector_20
 .text          0x0000000000000236      0x108 main.o
                0x0000000000000236                __vector_6
                0x000000000000030c                __vector_1
                0x000000000000031a                __vector_13
                0x0000000000000326                _Z22ininialiserInputOutputv
 .text          0x000000000000033e       0xb2 lib/librairie.a(moteur.o)
                0x000000000000033e                _Z41ajustementPWMmateriellePhaseCorrecte8Bitsjj
                0x0000000000000364                _Z28changerVitesseAvecLuminositehh
 .text          0x00000000000003f0      0x136 lib/librairie.a(memoire.o)
                0x00000000000003f0                _Z41initialisationUART8Bits1StopBitNoneParityv
                0x000000000000040e                _Z17transmissionUSARTh
                0x000000000000041c                _Z13recevoirUSARTv
                0x000000000000042a                _Z19transmettreChainePcPhhh
                0x000000000000047a                _Z13lireEepromAPcjhh
                0x00000000000004e4                _Z19ecrireLireEepromAPcPhjhh
 .text          0x0000000000000526       0x58 lib/librairie.a(can.o)
                0x0000000000000526                _ZN3canC2Ev
                0x0000000000000526                _ZN3canC1Ev
                0x0000000000000532                _ZN3canD1Ev
                0x0000000000000532                _ZN3canD2Ev
                0x0000000000000538                _ZN3can7lectureEh
 .text          0x000000000000057e      0x1b0 lib/librairie.a(clavier.o)
                0x000000000000057e                _Z29initialisationInterruptPCINT2v
                0x0000000000000598                _Z27initialisationPD7aPD5Outputv
                0x00000000000005a0                _Z27initialisationPD4aPD2Outputv
                0x00000000000005a8                _Z16getToucheAppuyeev
 .text          0x000000000000072e      0x2fc lib/librairie.a(capteur.o)
                0x000000000000072e                _Z25lectureDistanceCANInternev
                0x0000000000000810                _Z25lectureDistanceCANExternev
                0x0000000000000a20                _Z18lectureDistanceCANv
 .text          0x0000000000000a2a      0x22c lib/librairie.a(affichage7Segments.o)
                0x0000000000000a2a                _Z16activer7Segmentsv
                0x0000000000000a40                _Z19desactiver7Segmentsv
                0x0000000000000a52                _Z26afficher7SegmentsDemarragev
                0x0000000000000ada                _Z17afficherCaractereh
                0x0000000000000b66                _Z21puissanceSegmentDroithb
                0x0000000000000b7a                _Z22puissanceSegmentGauchehb
                0x0000000000000ba0                _Z23calculerPuissanceMoteurh
                0x0000000000000bb4                _Z22afficher7SegmentsChoixhhbb
 .text          0x0000000000000c56        0x0 /usr/lib/gcc/avr/10.2.0/avr5/libgcc.a(_udivmodqi4.o)
 .text          0x0000000000000c56        0x0 /usr/lib/gcc/avr/10.2.0/avr5/libgcc.a(_divmodhi4.o)
 .text          0x0000000000000c56        0x0 /usr/lib/gcc/avr/10.2.0/avr5/libgcc.a(_exit.o)
 .text          0x0000000000000c56        0x0 /usr/lib/gcc/avr/10.2.0/avr5/libgcc.a(_copy_data.o)
 .text          0x0000000000000c56        0x0 /usr/lib/gcc/avr/10.2.0/avr5/libgcc.a(_clear_bss.o)
 .text          0x0000000000000c56        0x0 /usr/lib/gcc/avr/10.2.0/avr5/libgcc.a(_udivmodhi4.o)
 .text          0x0000000000000c56        0x0 /usr/lib/gcc/avr/10.2.0/../../../../avr/lib/avr5/libm.a(divsf3.o)
 .text          0x0000000000000c56        0x0 /usr/lib/gcc/avr/10.2.0/../../../../avr/lib/avr5/libm.a(divsf3x.o)
 .text          0x0000000000000c56        0x0 /usr/lib/gcc/avr/10.2.0/../../../../avr/lib/avr5/libm.a(floatsisf.o)
 .text          0x0000000000000c56        0x0 /usr/lib/gcc/avr/10.2.0/../../../../avr/lib/avr5/libm.a(fp_inf.o)
 .text          0x0000000000000c56        0x0 /usr/lib/gcc/avr/10.2.0/../../../../avr/lib/avr5/libm.a(fp_nan.o)
 .text          0x0000000000000c56        0x0 /usr/lib/gcc/avr/10.2.0/../../../../avr/lib/avr5/libm.a(fp_pscA.o)
 .text          0x0000000000000c56        0x0 /usr/lib/gcc/avr/10.2.0/../../../../avr/lib/avr5/libm.a(fp_pscB.o)
 .text          0x0000000000000c56        0x0 /usr/lib/gcc/avr/10.2.0/../../../../avr/lib/avr5/libm.a(fp_round.o)
 .text          0x0000000000000c56        0x0 /usr/lib/gcc/avr/10.2.0/../../../../avr/lib/avr5/libm.a(fp_split3.o)
 .text          0x0000000000000c56        0x0 /usr/lib/gcc/avr/10.2.0/../../../../avr/lib/avr5/libm.a(fp_zero.o)
 .text          0x0000000000000c56        0x0 /usr/lib/gcc/avr/10.2.0/../../../../avr/lib/avr5/libm.a(mulsf3.o)
 .text          0x0000000000000c56        0x0 /usr/lib/gcc/avr/10.2.0/../../../../avr/lib/avr5/libm.a(mulsf3x.o)
 .text          0x0000000000000c56        0x0 /usr/lib/gcc/avr/10.2.0/../../../../avr/lib/avr5/libm.a(pow.o)
 .text          0x0000000000000c56        0x0 /usr/lib/gcc/avr/10.2.0/../../../../avr/lib/avr5/libm.a(exp.o)
 .text          0x0000000000000c56        0x0 /usr/lib/gcc/avr/10.2.0/../../../../avr/lib/avr5/libm.a(fp_powser.o)
 .text          0x0000000000000c56        0x0 /usr/lib/gcc/avr/10.2.0/../../../../avr/lib/avr5/libm.a(inverse.o)
 .text          0x0000000000000c56        0x0 /usr/lib/gcc/avr/10.2.0/../../../../avr/lib/avr5/libm.a(ldexp.o)
 .text          0x0000000000000c56        0x0 /usr/lib/gcc/avr/10.2.0/../../../../avr/lib/avr5/libm.a(log.o)
 .text          0x0000000000000c56        0x0 /usr/lib/gcc/avr/10.2.0/../../../../avr/lib/avr5/libm.a(modf.o)
 .text          0x0000000000000c56        0x0 /usr/lib/gcc/avr/10.2.0/../../../../avr/lib/avr5/libm.a(addsf3.o)
 .text          0x0000000000000c56        0x0 /usr/lib/gcc/avr/10.2.0/../../../../avr/lib/avr5/libm.a(addsf3x.o)
 .text          0x0000000000000c56        0x0 /usr/lib/gcc/avr/10.2.0/../../../../avr/lib/avr5/libm.a(fp_mpack.o)
 .text          0x0000000000000c56        0x0 /usr/lib/gcc/avr/10.2.0/../../../../avr/lib/avr5/libc.a(dtostrf.o)
 .text          0x0000000000000c56        0x0 /usr/lib/gcc/avr/10.2.0/../../../../avr/lib/avr5/libc.a(dtoa_prf.o)
 .text          0x0000000000000c56        0x0 /usr/lib/gcc/avr/10.2.0/../../../../avr/lib/avr5/libc.a(ftoa_engine.o)
 .text          0x0000000000000c56        0x0 /usr/lib/gcc/avr/10.2.0/../../../../avr/lib/avr5/libatmega324pa.a(eerd_block.o)
 .text          0x0000000000000c56        0x0 /usr/lib/gcc/avr/10.2.0/../../../../avr/lib/avr5/libatmega324pa.a(eewr_block.o)
 .text          0x0000000000000c56        0x0 /usr/lib/gcc/avr/10.2.0/../../../../avr/lib/avr5/libatmega324pa.a(eewr_byte.o)
                0x0000000000000c56                . = ALIGN (0x2)
 *(.text.*)
 .text.startup  0x0000000000000c56      0x184 main.o
                0x0000000000000c56                main
 .text.libgcc.mul
                0x0000000000000dda        0x0 /usr/lib/gcc/avr/10.2.0/avr5/libgcc.a(_udivmodqi4.o)
 .text.libgcc.div
                0x0000000000000dda       0x18 /usr/lib/gcc/avr/10.2.0/avr5/libgcc.a(_udivmodqi4.o)
                0x0000000000000dda                __udivmodqi4
 .text.libgcc   0x0000000000000df2        0x0 /usr/lib/gcc/avr/10.2.0/avr5/libgcc.a(_udivmodqi4.o)
 .text.libgcc.prologue
                0x0000000000000df2        0x0 /usr/lib/gcc/avr/10.2.0/avr5/libgcc.a(_udivmodqi4.o)
 .text.libgcc.builtins
                0x0000000000000df2        0x0 /usr/lib/gcc/avr/10.2.0/avr5/libgcc.a(_udivmodqi4.o)
 .text.libgcc.fmul
                0x0000000000000df2        0x0 /usr/lib/gcc/avr/10.2.0/avr5/libgcc.a(_udivmodqi4.o)
 .text.libgcc.fixed
                0x0000000000000df2        0x0 /usr/lib/gcc/avr/10.2.0/avr5/libgcc.a(_udivmodqi4.o)
 .text.libgcc.mul
                0x0000000000000df2        0x0 /usr/lib/gcc/avr/10.2.0/avr5/libgcc.a(_divmodhi4.o)
 .text.libgcc.div
                0x0000000000000df2       0x28 /usr/lib/gcc/avr/10.2.0/avr5/libgcc.a(_divmodhi4.o)
                0x0000000000000df2                __divmodhi4
                0x0000000000000df2                _div
 .text.libgcc   0x0000000000000e1a        0x0 /usr/lib/gcc/avr/10.2.0/avr5/libgcc.a(_divmodhi4.o)
 .text.libgcc.prologue
                0x0000000000000e1a        0x0 /usr/lib/gcc/avr/10.2.0/avr5/libgcc.a(_divmodhi4.o)
 .text.libgcc.builtins
                0x0000000000000e1a        0x0 /usr/lib/gcc/avr/10.2.0/avr5/libgcc.a(_divmodhi4.o)
 .text.libgcc.fmul
                0x0000000000000e1a        0x0 /usr/lib/gcc/avr/10.2.0/avr5/libgcc.a(_divmodhi4.o)
 .text.libgcc.fixed
                0x0000000000000e1a        0x0 /usr/lib/gcc/avr/10.2.0/avr5/libgcc.a(_divmodhi4.o)
 .text.libgcc.mul
                0x0000000000000e1a        0x0 /usr/lib/gcc/avr/10.2.0/avr5/libgcc.a(_exit.o)
 .text.libgcc.div
                0x0000000000000e1a        0x0 /usr/lib/gcc/avr/10.2.0/avr5/libgcc.a(_exit.o)
 .text.libgcc   0x0000000000000e1a        0x0 /usr/lib/gcc/avr/10.2.0/avr5/libgcc.a(_exit.o)
 .text.libgcc.prologue
                0x0000000000000e1a        0x0 /usr/lib/gcc/avr/10.2.0/avr5/libgcc.a(_exit.o)
 .text.libgcc.builtins
                0x0000000000000e1a        0x0 /usr/lib/gcc/avr/10.2.0/avr5/libgcc.a(_exit.o)
 .text.libgcc.fmul
                0x0000000000000e1a        0x0 /usr/lib/gcc/avr/10.2.0/avr5/libgcc.a(_exit.o)
 .text.libgcc.fixed
                0x0000000000000e1a        0x0 /usr/lib/gcc/avr/10.2.0/avr5/libgcc.a(_exit.o)
 .text.libgcc.mul
                0x0000000000000e1a        0x0 /usr/lib/gcc/avr/10.2.0/avr5/libgcc.a(_copy_data.o)
 .text.libgcc.div
                0x0000000000000e1a        0x0 /usr/lib/gcc/avr/10.2.0/avr5/libgcc.a(_copy_data.o)
 .text.libgcc   0x0000000000000e1a        0x0 /usr/lib/gcc/avr/10.2.0/avr5/libgcc.a(_copy_data.o)
 .text.libgcc.prologue
                0x0000000000000e1a        0x0 /usr/lib/gcc/avr/10.2.0/avr5/libgcc.a(_copy_data.o)
 .text.libgcc.builtins
                0x0000000000000e1a        0x0 /usr/lib/gcc/avr/10.2.0/avr5/libgcc.a(_copy_data.o)
 .text.libgcc.fmul
                0x0000000000000e1a        0x0 /usr/lib/gcc/avr/10.2.0/avr5/libgcc.a(_copy_data.o)
 .text.libgcc.fixed
                0x0000000000000e1a        0x0 /usr/lib/gcc/avr/10.2.0/avr5/libgcc.a(_copy_data.o)
 .text.libgcc.mul
                0x0000000000000e1a        0x0 /usr/lib/gcc/avr/10.2.0/avr5/libgcc.a(_clear_bss.o)
 .text.libgcc.div
                0x0000000000000e1a        0x0 /usr/lib/gcc/avr/10.2.0/avr5/libgcc.a(_clear_bss.o)
 .text.libgcc   0x0000000000000e1a        0x0 /usr/lib/gcc/avr/10.2.0/avr5/libgcc.a(_clear_bss.o)
 .text.libgcc.prologue
                0x0000000000000e1a        0x0 /usr/lib/gcc/avr/10.2.0/avr5/libgcc.a(_clear_bss.o)
 .text.libgcc.builtins
                0x0000000000000e1a        0x0 /usr/lib/gcc/avr/10.2.0/avr5/libgcc.a(_clear_bss.o)
 .text.libgcc.fmul
                0x0000000000000e1a        0x0 /usr/lib/gcc/avr/10.2.0/avr5/libgcc.a(_clear_bss.o)
 .text.libgcc.fixed
                0x0000000000000e1a        0x0 /usr/lib/gcc/avr/10.2.0/avr5/libgcc.a(_clear_bss.o)
 .text.libgcc.mul
                0x0000000000000e1a        0x0 /usr/lib/gcc/avr/10.2.0/avr5/libgcc.a(_udivmodhi4.o)
 .text.libgcc.div
                0x0000000000000e1a       0x28 /usr/lib/gcc/avr/10.2.0/avr5/libgcc.a(_udivmodhi4.o)
                0x0000000000000e1a                __udivmodhi4
 .text.libgcc   0x0000000000000e42        0x0 /usr/lib/gcc/avr/10.2.0/avr5/libgcc.a(_udivmodhi4.o)
 .text.libgcc.prologue
                0x0000000000000e42        0x0 /usr/lib/gcc/avr/10.2.0/avr5/libgcc.a(_udivmodhi4.o)
 .text.libgcc.builtins
                0x0000000000000e42        0x0 /usr/lib/gcc/avr/10.2.0/avr5/libgcc.a(_udivmodhi4.o)
 .text.libgcc.fmul
                0x0000000000000e42        0x0 /usr/lib/gcc/avr/10.2.0/avr5/libgcc.a(_udivmodhi4.o)
 .text.libgcc.fixed
                0x0000000000000e42        0x0 /usr/lib/gcc/avr/10.2.0/avr5/libgcc.a(_udivmodhi4.o)
 .text.avr-libc.fplib
                0x0000000000000e42        0x8 /usr/lib/gcc/avr/10.2.0/../../../../avr/lib/avr5/libm.a(divsf3.o)
                0x0000000000000e42                __divsf3
 .text.avr-libc.fplib
                0x0000000000000e4a       0xdc /usr/lib/gcc/avr/10.2.0/../../../../avr/lib/avr5/libm.a(divsf3x.o)
                0x0000000000000e6a                __divsf3x
                0x0000000000000e70                __divsf3_pse
 .text.avr-libc.fplib
                0x0000000000000f26       0x7a /usr/lib/gcc/avr/10.2.0/../../../../avr/lib/avr5/libm.a(floatsisf.o)
                0x0000000000000f26                __floatunsisf
                0x0000000000000f2a                __floatsisf
 .text.avr-libc.fplib
                0x0000000000000fa0        0xc /usr/lib/gcc/avr/10.2.0/../../../../avr/lib/avr5/libm.a(fp_inf.o)
                0x0000000000000fa0                __fp_inf
 .text.avr-libc.fplib
                0x0000000000000fac        0x6 /usr/lib/gcc/avr/10.2.0/../../../../avr/lib/avr5/libm.a(fp_nan.o)
                0x0000000000000fac                __fp_nan
 .text.avr-libc.fplib
                0x0000000000000fb2        0xe /usr/lib/gcc/avr/10.2.0/../../../../avr/lib/avr5/libm.a(fp_pscA.o)
                0x0000000000000fb2                __fp_pscA
 .text.avr-libc.fplib
                0x0000000000000fc0        0xe /usr/lib/gcc/avr/10.2.0/../../../../avr/lib/avr5/libm.a(fp_pscB.o)
                0x0000000000000fc0                __fp_pscB
 .text.avr-libc.fplib
                0x0000000000000fce       0x22 /usr/lib/gcc/avr/10.2.0/../../../../avr/lib/avr5/libm.a(fp_round.o)
                0x0000000000000fce                __fp_round
 .text.avr-libc.fplib
                0x0000000000000ff0       0x44 /usr/lib/gcc/avr/10.2.0/../../../../avr/lib/avr5/libm.a(fp_split3.o)
                0x0000000000000ff0                __fp_split3
                0x0000000000001000                __fp_splitA
 .text.avr-libc.fplib
                0x0000000000001034        0xe /usr/lib/gcc/avr/10.2.0/../../../../avr/lib/avr5/libm.a(fp_zero.o)
                0x0000000000001034                __fp_zero
                0x0000000000001036                __fp_szero
 .text.avr-libc.fplib
                0x0000000000001042        0x8 /usr/lib/gcc/avr/10.2.0/../../../../avr/lib/avr5/libm.a(mulsf3.o)
                0x0000000000001042                __mulsf3
 .text.avr-libc.fplib
                0x000000000000104a       0xd2 /usr/lib/gcc/avr/10.2.0/../../../../avr/lib/avr5/libm.a(mulsf3x.o)
                0x0000000000001068                __mulsf3x
                0x000000000000106e                __mulsf3_pse
 .text.avr-libc.fplib
                0x000000000000111c       0xa0 /usr/lib/gcc/avr/10.2.0/../../../../avr/lib/avr5/libm.a(pow.o)
                0x000000000000111c                pow
 .text.avr-libc.fplib
                0x00000000000011bc       0x74 /usr/lib/gcc/avr/10.2.0/../../../../avr/lib/avr5/libm.a(exp.o)
                0x00000000000011cc                exp
 .text.avr-libc.fplib
                0x0000000000001230       0x4e /usr/lib/gcc/avr/10.2.0/../../../../avr/lib/avr5/libm.a(fp_powser.o)
                0x0000000000001230                __fp_powser
 .text.avr-libc.fplib
                0x000000000000127e       0x10 /usr/lib/gcc/avr/10.2.0/../../../../avr/lib/avr5/libm.a(inverse.o)
                0x000000000000127e                inverse
 .text.avr-libc.fplib
                0x000000000000128e       0x74 /usr/lib/gcc/avr/10.2.0/../../../../avr/lib/avr5/libm.a(ldexp.o)
                0x0000000000001296                ldexp
 .text.avr-libc.fplib
                0x0000000000001302       0xa0 /usr/lib/gcc/avr/10.2.0/../../../../avr/lib/avr5/libm.a(log.o)
                0x0000000000001312                log
 .text.avr-libc.fplib
                0x00000000000013a2       0x68 /usr/lib/gcc/avr/10.2.0/../../../../avr/lib/avr5/libm.a(modf.o)
                0x00000000000013a2                modff
                0x00000000000013a2                modf
 .text.avr-libc.fplib
                0x000000000000140a        0xe /usr/lib/gcc/avr/10.2.0/../../../../avr/lib/avr5/libm.a(addsf3.o)
                0x000000000000140a                __subsf3
                0x000000000000140c                __addsf3
 .text.avr-libc.fplib
                0x0000000000001418       0xcc /usr/lib/gcc/avr/10.2.0/../../../../avr/lib/avr5/libm.a(addsf3x.o)
                0x000000000000143a                __addsf3x
 .text.avr-libc.fplib
                0x00000000000014e4       0x1c /usr/lib/gcc/avr/10.2.0/../../../../avr/lib/avr5/libm.a(fp_mpack.o)
                0x00000000000014e4                __fp_mpack
                0x00000000000014e8                __fp_mpack_finite
 .text.avr-libc
                0x0000000000001500       0x5a /usr/lib/gcc/avr/10.2.0/../../../../avr/lib/avr5/libc.a(dtostrf.o)
                0x0000000000001500                dtostrf
 .text.avr-libc
                0x000000000000155a      0x33e /usr/lib/gcc/avr/10.2.0/../../../../avr/lib/avr5/libc.a(dtoa_prf.o)
                0x000000000000155a                dtoa_prf
 .text.avr-libc
                0x0000000000001898      0x1b0 /usr/lib/gcc/avr/10.2.0/../../../../avr/lib/avr5/libc.a(ftoa_engine.o)
                0x0000000000001898                __ftoa_engine
 .text.avr-libc
                0x0000000000001a48       0x20 /usr/lib/gcc/avr/10.2.0/../../../../avr/lib/avr5/libatmega324pa.a(eerd_block.o)
                0x0000000000001a48                eeprom_read_block
                0x0000000000001a4c                eeprom_read_blraw
 .text.avr-libc
                0x0000000000001a68       0x14 /usr/lib/gcc/avr/10.2.0/../../../../avr/lib/avr5/libatmega324pa.a(eewr_block.o)
                0x0000000000001a68                eeprom_write_block
 .text.avr-libc
                0x0000000000001a7c       0x1c /usr/lib/gcc/avr/10.2.0/../../../../avr/lib/avr5/libatmega324pa.a(eewr_byte.o)
                0x0000000000001a7c                eeprom_write_byte
                0x0000000000001a7e                eeprom_write_r18
                0x0000000000001a98                . = ALIGN (0x2)
 *(.fini9)
 .fini9         0x0000000000001a98        0x0 /usr/lib/gcc/avr/10.2.0/avr5/libgcc.a(_exit.o)
                0x0000000000001a98                exit
                0x0000000000001a98                _exit
 *(.fini9)
 *(.fini8)
 *(.fini8)
 *(.fini7)
 *(.fini7)
 *(.fini6)
 *(.fini6)
 *(.fini5)
 *(.fini5)
 *(.fini4)
 *(.fini4)
 *(.fini3)
 *(.fini3)
 *(.fini2)
 *(.fini2)
 *(.fini1)
 *(.fini1)
 *(.fini0)
 .fini0         0x0000000000001a98        0x4 /usr/lib/gcc/avr/10.2.0/avr5/libgcc.a(_exit.o)
 *(.fini0)
 *(.hightext)
 *(.hightext*)
 *(.progmemx.*)
                0x0000000000001a9c                . = ALIGN (0x2)
 *(.jumptables)
 *(.jumptables*)
                0x0000000000001a9c                _etext = .

.data           0x0000000000800100       0x28 load address 0x0000000000001a9c
                0x0000000000800100                PROVIDE (__data_start = .)
 *(.data)
 .data          0x0000000000800100        0x0 /usr/lib/gcc/avr/10.2.0/../../../../avr/lib/avr5/crtatmega324pa.o
 .data          0x0000000000800100        0x1 main.o
                0x0000000000800100                isDecimal
 .data          0x0000000000800101        0x0 lib/librairie.a(moteur.o)
 .data          0x0000000000800101        0x0 lib/librairie.a(memoire.o)
 .data          0x0000000000800101        0x0 lib/librairie.a(can.o)
 .data          0x0000000000800101        0x0 lib/librairie.a(clavier.o)
 .data          0x0000000000800101        0x0 lib/librairie.a(capteur.o)
 .data          0x0000000000800101        0x0 lib/librairie.a(affichage7Segments.o)
 .data          0x0000000000800101        0x0 /usr/lib/gcc/avr/10.2.0/avr5/libgcc.a(_udivmodqi4.o)
 .data          0x0000000000800101        0x0 /usr/lib/gcc/avr/10.2.0/avr5/libgcc.a(_divmodhi4.o)
 .data          0x0000000000800101        0x0 /usr/lib/gcc/avr/10.2.0/avr5/libgcc.a(_exit.o)
 .data          0x0000000000800101        0x0 /usr/lib/gcc/avr/10.2.0/avr5/libgcc.a(_copy_data.o)
 .data          0x0000000000800101        0x0 /usr/lib/gcc/avr/10.2.0/avr5/libgcc.a(_clear_bss.o)
 .data          0x0000000000800101        0x0 /usr/lib/gcc/avr/10.2.0/avr5/libgcc.a(_udivmodhi4.o)
 .data          0x0000000000800101        0x0 /usr/lib/gcc/avr/10.2.0/../../../../avr/lib/avr5/libm.a(divsf3.o)
 .data          0x0000000000800101        0x0 /usr/lib/gcc/avr/10.2.0/../../../../avr/lib/avr5/libm.a(divsf3x.o)
 .data          0x0000000000800101        0x0 /usr/lib/gcc/avr/10.2.0/../../../../avr/lib/avr5/libm.a(floatsisf.o)
 .data          0x0000000000800101        0x0 /usr/lib/gcc/avr/10.2.0/../../../../avr/lib/avr5/libm.a(fp_inf.o)
 .data          0x0000000000800101        0x0 /usr/lib/gcc/avr/10.2.0/../../../../avr/lib/avr5/libm.a(fp_nan.o)
 .data          0x0000000000800101        0x0 /usr/lib/gcc/avr/10.2.0/../../../../avr/lib/avr5/libm.a(fp_pscA.o)
 .data          0x0000000000800101        0x0 /usr/lib/gcc/avr/10.2.0/../../../../avr/lib/avr5/libm.a(fp_pscB.o)
 .data          0x0000000000800101        0x0 /usr/lib/gcc/avr/10.2.0/../../../../avr/lib/avr5/libm.a(fp_round.o)
 .data          0x0000000000800101        0x0 /usr/lib/gcc/avr/10.2.0/../../../../avr/lib/avr5/libm.a(fp_split3.o)
 .data          0x0000000000800101        0x0 /usr/lib/gcc/avr/10.2.0/../../../../avr/lib/avr5/libm.a(fp_zero.o)
 .data          0x0000000000800101        0x0 /usr/lib/gcc/avr/10.2.0/../../../../avr/lib/avr5/libm.a(mulsf3.o)
 .data          0x0000000000800101        0x0 /usr/lib/gcc/avr/10.2.0/../../../../avr/lib/avr5/libm.a(mulsf3x.o)
 .data          0x0000000000800101        0x0 /usr/lib/gcc/avr/10.2.0/../../../../avr/lib/avr5/libm.a(pow.o)
 .data          0x0000000000800101        0x0 /usr/lib/gcc/avr/10.2.0/../../../../avr/lib/avr5/libm.a(exp.o)
 .data          0x0000000000800101        0x0 /usr/lib/gcc/avr/10.2.0/../../../../avr/lib/avr5/libm.a(fp_powser.o)
 .data          0x0000000000800101        0x0 /usr/lib/gcc/avr/10.2.0/../../../../avr/lib/avr5/libm.a(inverse.o)
 .data          0x0000000000800101        0x0 /usr/lib/gcc/avr/10.2.0/../../../../avr/lib/avr5/libm.a(ldexp.o)
 .data          0x0000000000800101        0x0 /usr/lib/gcc/avr/10.2.0/../../../../avr/lib/avr5/libm.a(log.o)
 .data          0x0000000000800101        0x0 /usr/lib/gcc/avr/10.2.0/../../../../avr/lib/avr5/libm.a(modf.o)
 .data          0x0000000000800101        0x0 /usr/lib/gcc/avr/10.2.0/../../../../avr/lib/avr5/libm.a(addsf3.o)
 .data          0x0000000000800101        0x0 /usr/lib/gcc/avr/10.2.0/../../../../avr/lib/avr5/libm.a(addsf3x.o)
 .data          0x0000000000800101        0x0 /usr/lib/gcc/avr/10.2.0/../../../../avr/lib/avr5/libm.a(fp_mpack.o)
 .data          0x0000000000800101        0x0 /usr/lib/gcc/avr/10.2.0/../../../../avr/lib/avr5/libc.a(dtostrf.o)
 .data          0x0000000000800101        0x0 /usr/lib/gcc/avr/10.2.0/../../../../avr/lib/avr5/libc.a(dtoa_prf.o)
 .data          0x0000000000800101        0x0 /usr/lib/gcc/avr/10.2.0/../../../../avr/lib/avr5/libc.a(ftoa_engine.o)
 .data          0x0000000000800101        0x0 /usr/lib/gcc/avr/10.2.0/../../../../avr/lib/avr5/libatmega324pa.a(eerd_block.o)
 .data          0x0000000000800101        0x0 /usr/lib/gcc/avr/10.2.0/../../../../avr/lib/avr5/libatmega324pa.a(eewr_block.o)
 .data          0x0000000000800101        0x0 /usr/lib/gcc/avr/10.2.0/../../../../avr/lib/avr5/libatmega324pa.a(eewr_byte.o)
 *(.data*)
 *(.gnu.linkonce.d*)
 *(.rodata)
 *(.rodata*)
 .rodata.str1.1
                0x0000000000800101       0x26 main.o
 .rodata.str1.1
                0x0000000000800127       0x26 lib/librairie.a(clavier.o)
 *(.gnu.linkonce.r*)
                0x000000000080014e                . = ALIGN (0x2)
 *fill*         0x0000000000800127        0x1 
                0x0000000000800128                _edata = .
                0x0000000000800128                PROVIDE (__data_end = .)

.bss            0x0000000000800128        0x4
                0x0000000000800128                PROVIDE (__bss_start = .)
 *(.bss)
 .bss           0x0000000000800128        0x0 /usr/lib/gcc/avr/10.2.0/../../../../avr/lib/avr5/crtatmega324pa.o
 .bss           0x0000000000800128        0x4 main.o
                0x0000000000800128                etat
                0x000000000080012a                boutonPoussoir
                0x000000000080012b                minuterieExpiree
 .bss           0x000000000080012c        0x0 lib/librairie.a(moteur.o)
 .bss           0x000000000080012c        0x0 lib/librairie.a(memoire.o)
 .bss           0x000000000080012c        0x0 lib/librairie.a(can.o)
 .bss           0x000000000080012c        0x0 lib/librairie.a(clavier.o)
 .bss           0x000000000080012c        0x0 lib/librairie.a(capteur.o)
 .bss           0x000000000080012c        0x0 lib/librairie.a(affichage7Segments.o)
 .bss           0x000000000080012c        0x0 /usr/lib/gcc/avr/10.2.0/avr5/libgcc.a(_udivmodqi4.o)
 .bss           0x000000000080012c        0x0 /usr/lib/gcc/avr/10.2.0/avr5/libgcc.a(_divmodhi4.o)
 .bss           0x000000000080012c        0x0 /usr/lib/gcc/avr/10.2.0/avr5/libgcc.a(_exit.o)
 .bss           0x000000000080012c        0x0 /usr/lib/gcc/avr/10.2.0/avr5/libgcc.a(_copy_data.o)
 .bss           0x000000000080012c        0x0 /usr/lib/gcc/avr/10.2.0/avr5/libgcc.a(_clear_bss.o)
 .bss           0x000000000080012c        0x0 /usr/lib/gcc/avr/10.2.0/avr5/libgcc.a(_udivmodhi4.o)
 .bss           0x000000000080012c        0x0 /usr/lib/gcc/avr/10.2.0/../../../../avr/lib/avr5/libm.a(divsf3.o)
 .bss           0x000000000080012c        0x0 /usr/lib/gcc/avr/10.2.0/../../../../avr/lib/avr5/libm.a(divsf3x.o)
 .bss           0x000000000080012c        0x0 /usr/lib/gcc/avr/10.2.0/../../../../avr/lib/avr5/libm.a(floatsisf.o)
 .bss           0x000000000080012c        0x0 /usr/lib/gcc/avr/10.2.0/../../../../avr/lib/avr5/libm.a(fp_inf.o)
 .bss           0x000000000080012c        0x0 /usr/lib/gcc/avr/10.2.0/../../../../avr/lib/avr5/libm.a(fp_nan.o)
 .bss           0x000000000080012c        0x0 /usr/lib/gcc/avr/10.2.0/../../../../avr/lib/avr5/libm.a(fp_pscA.o)
 .bss           0x000000000080012c        0x0 /usr/lib/gcc/avr/10.2.0/../../../../avr/lib/avr5/libm.a(fp_pscB.o)
 .bss           0x000000000080012c        0x0 /usr/lib/gcc/avr/10.2.0/../../../../avr/lib/avr5/libm.a(fp_round.o)
 .bss           0x000000000080012c        0x0 /usr/lib/gcc/avr/10.2.0/../../../../avr/lib/avr5/libm.a(fp_split3.o)
 .bss           0x000000000080012c        0x0 /usr/lib/gcc/avr/10.2.0/../../../../avr/lib/avr5/libm.a(fp_zero.o)
 .bss           0x000000000080012c        0x0 /usr/lib/gcc/avr/10.2.0/../../../../avr/lib/avr5/libm.a(mulsf3.o)
 .bss           0x000000000080012c        0x0 /usr/lib/gcc/avr/10.2.0/../../../../avr/lib/avr5/libm.a(mulsf3x.o)
 .bss           0x000000000080012c        0x0 /usr/lib/gcc/avr/10.2.0/../../../../avr/lib/avr5/libm.a(pow.o)
 .bss           0x000000000080012c        0x0 /usr/lib/gcc/avr/10.2.0/../../../../avr/lib/avr5/libm.a(exp.o)
 .bss           0x000000000080012c        0x0 /usr/lib/gcc/avr/10.2.0/../../../../avr/lib/avr5/libm.a(fp_powser.o)
 .bss           0x000000000080012c        0x0 /usr/lib/gcc/avr/10.2.0/../../../../avr/lib/avr5/libm.a(inverse.o)
 .bss           0x000000000080012c        0x0 /usr/lib/gcc/avr/10.2.0/../../../../avr/lib/avr5/libm.a(ldexp.o)
 .bss           0x000000000080012c        0x0 /usr/lib/gcc/avr/10.2.0/../../../../avr/lib/avr5/libm.a(log.o)
 .bss           0x000000000080012c        0x0 /usr/lib/gcc/avr/10.2.0/../../../../avr/lib/avr5/libm.a(modf.o)
 .bss           0x000000000080012c        0x0 /usr/lib/gcc/avr/10.2.0/../../../../avr/lib/avr5/libm.a(addsf3.o)
 .bss           0x000000000080012c        0x0 /usr/lib/gcc/avr/10.2.0/../../../../avr/lib/avr5/libm.a(addsf3x.o)
 .bss           0x000000000080012c        0x0 /usr/lib/gcc/avr/10.2.0/../../../../avr/lib/avr5/libm.a(fp_mpack.o)
 .bss           0x000000000080012c        0x0 /usr/lib/gcc/avr/10.2.0/../../../../avr/lib/avr5/libc.a(dtostrf.o)
 .bss           0x000000000080012c        0x0 /usr/lib/gcc/avr/10.2.0/../../../../avr/lib/avr5/libc.a(dtoa_prf.o)
 .bss           0x000000000080012c        0x0 /usr/lib/gcc/avr/10.2.0/../../../../avr/lib/avr5/libc.a(ftoa_engine.o)
 .bss           0x000000000080012c        0x0 /usr/lib/gcc/avr/10.2.0/../../../../avr/lib/avr5/libatmega324pa.a(eerd_block.o)
 .bss           0x000000000080012c        0x0 /usr/lib/gcc/avr/10.2.0/../../../../avr/lib/avr5/libatmega324pa.a(eewr_block.o)
 .bss           0x000000000080012c        0x0 /usr/lib/gcc/avr/10.2.0/../../../../avr/lib/avr5/libatmega324pa.a(eewr_byte.o)
 *(.bss*)
 *(COMMON)
                0x000000000080012c                PROVIDE (__bss_end = .)
                0x0000000000001a9c                __data_load_start = LOADADDR (.data)
                0x0000000000001ac4                __data_load_end = (__data_load_start + SIZEOF (.data))

.noinit         0x000000000080012c        0x0
                [!provide]                        PROVIDE (__noinit_start = .)
 *(.noinit*)
                [!provide]                        PROVIDE (__noinit_end = .)
                0x000000000080012c                _end = .
                [!provide]                        PROVIDE (__heap_start = .)

.eeprom         0x0000000000810000        0x0
 *(.eeprom*)
                0x0000000000810000                __eeprom_end = .

.fuse
 *(.fuse)
 *(.lfuse)
 *(.hfuse)
 *(.efuse)

.lock
 *(.lock*)

.signature
 *(.signature*)

.stab           0x0000000000000000     0x2430
 *(.stab)
 .stab          0x0000000000000000      0x570 main.o
 .stab          0x0000000000000570      0x210 lib/librairie.a(moteur.o)
                                        0x21c (size before relaxing)
 .stab          0x0000000000000780      0x384 lib/librairie.a(memoire.o)
                                        0x390 (size before relaxing)
 .stab          0x0000000000000b04      0x1e0 lib/librairie.a(can.o)
                                        0x1ec (size before relaxing)
 .stab          0x0000000000000ce4      0x45c lib/librairie.a(clavier.o)
                                        0x468 (size before relaxing)
 .stab          0x0000000000001140      0x51c lib/librairie.a(capteur.o)
                                        0x528 (size before relaxing)
 .stab          0x000000000000165c      0x864 lib/librairie.a(affichage7Segments.o)
                                        0x870 (size before relaxing)
 .stab          0x0000000000001ec0       0xe4 /usr/lib/gcc/avr/10.2.0/avr5/libgcc.a(_udivmodqi4.o)
                                         0xf0 (size before relaxing)
 .stab          0x0000000000001fa4      0x138 /usr/lib/gcc/avr/10.2.0/avr5/libgcc.a(_divmodhi4.o)
                                        0x144 (size before relaxing)
 .stab          0x00000000000020dc       0x6c /usr/lib/gcc/avr/10.2.0/avr5/libgcc.a(_exit.o)
                                         0x78 (size before relaxing)
 .stab          0x0000000000002148       0xd8 /usr/lib/gcc/avr/10.2.0/avr5/libgcc.a(_copy_data.o)
                                         0xe4 (size before relaxing)
 .stab          0x0000000000002220       0xb4 /usr/lib/gcc/avr/10.2.0/avr5/libgcc.a(_clear_bss.o)
                                         0xc0 (size before relaxing)
 .stab          0x00000000000022d4      0x15c /usr/lib/gcc/avr/10.2.0/avr5/libgcc.a(_udivmodhi4.o)
                                        0x168 (size before relaxing)

.stabstr        0x0000000000000000      0xfad
 *(.stabstr)
 .stabstr       0x0000000000000000      0xfad main.o

.stab.excl
 *(.stab.excl)

.stab.exclstr
 *(.stab.exclstr)

.stab.index
 *(.stab.index)

.stab.indexstr
 *(.stab.indexstr)

.comment        0x0000000000000000       0x44
 *(.comment)
 .comment       0x0000000000000000       0x23 main.o
                                         0x24 (size before relaxing)
 .comment       0x0000000000000023       0x24 lib/librairie.a(moteur.o)
 .comment       0x0000000000000023       0x24 lib/librairie.a(memoire.o)
 .comment       0x0000000000000023       0x24 lib/librairie.a(can.o)
 .comment       0x0000000000000023       0x24 lib/librairie.a(clavier.o)
 .comment       0x0000000000000023       0x24 lib/librairie.a(capteur.o)
 .comment       0x0000000000000023       0x24 lib/librairie.a(affichage7Segments.o)
 .comment       0x0000000000000023       0x21 /usr/lib/gcc/avr/10.2.0/../../../../avr/lib/avr5/libc.a(dtostrf.o)
                                         0x22 (size before relaxing)
 .comment       0x0000000000000044       0x22 /usr/lib/gcc/avr/10.2.0/../../../../avr/lib/avr5/libc.a(dtoa_prf.o)

.note.gnu.avr.deviceinfo
                0x0000000000000000       0x40
 .note.gnu.avr.deviceinfo
                0x0000000000000000       0x40 /usr/lib/gcc/avr/10.2.0/../../../../avr/lib/avr5/crtatmega324pa.o

.note.gnu.build-id
 *(.note.gnu.build-id)

.debug
 *(.debug)

.line
 *(.line)

.debug_srcinfo
 *(.debug_srcinfo)

.debug_sfnames
 *(.debug_sfnames)

.debug_aranges
 *(.debug_aranges)

.debug_pubnames
 *(.debug_pubnames)

.debug_info     0x0000000000000000      0x6cc
 *(.debug_info .gnu.linkonce.wi.*)
 .debug_info    0x0000000000000000      0x6cc /usr/lib/gcc/avr/10.2.0/../../../../avr/lib/avr5/crtatmega324pa.o

.debug_abbrev   0x0000000000000000      0x66e
 *(.debug_abbrev)
 .debug_abbrev  0x0000000000000000      0x66e /usr/lib/gcc/avr/10.2.0/../../../../avr/lib/avr5/crtatmega324pa.o

.debug_line     0x0000000000000000       0x1d
 *(.debug_line .debug_line.* .debug_line_end)
 .debug_line    0x0000000000000000       0x1d /usr/lib/gcc/avr/10.2.0/../../../../avr/lib/avr5/crtatmega324pa.o

.debug_frame
 *(.debug_frame)

.debug_str      0x0000000000000000      0x255
 *(.debug_str)
 .debug_str     0x0000000000000000      0x255 /usr/lib/gcc/avr/10.2.0/../../../../avr/lib/avr5/crtatmega324pa.o

.debug_loc
 *(.debug_loc)

.debug_macinfo
 *(.debug_macinfo)

.debug_weaknames
 *(.debug_weaknames)

.debug_funcnames
 *(.debug_funcnames)

.debug_typenames
 *(.debug_typenames)

.debug_varnames
 *(.debug_varnames)

.debug_pubtypes
 *(.debug_pubtypes)

.debug_ranges
 *(.debug_ranges)

.debug_macro
 *(.debug_macro)

.debug_addr
 *(.debug_addr)
OUTPUT(main.elf elf32-avr)
LOAD linker stubs
